// Jest Snapshot v1, https://goo.gl/fbAQLP

exports[`Error Page return button should call the prevState method 1`] = `ShallowWrapper {}`;

exports[`Error Page should render the page as is 1`] = `
<div>
  <div>
    Uh Oh.. Something Went Terribly Wrong!
  </div>
  <div>
    <div
      id="return-button"
      onClick={[Function]}
    >
      Go Back
    </div>
  </div>
</div>
`;
