// Jest Snapshot v1, https://goo.gl/fbAQLP

exports[`Menu Option Add: Modal Content Tests Confirm Page should close the modal 1`] = `ShallowWrapper {}`;

exports[`Menu Option Add: Modal Content Tests Confirm Page should undo the recent add action 1`] = `ShallowWrapper {}`;

exports[`Menu Option Add: Modal Content Tests Failed Page should return to the previous state 1`] = `ShallowWrapper {}`;

exports[`Menu Option Add: Modal Content Tests Handle Eror Method should change the current state 1`] = `ShallowWrapper {}`;

exports[`Menu Option Add: Modal Content Tests Handle Eror Method should change the current state 2`] = `ShallowWrapper {}`;

exports[`Menu Option Add: Modal Content Tests Handle Undo Method should change state to undo confirmation if delete is successful 1`] = `ShallowWrapper {}`;

exports[`Menu Option Add: Modal Content Tests Undo Confirmation Page should close the modal 1`] = `ShallowWrapper {}`;

exports[`Menu Option Add: Modal Content Tests should change pages according to the current page state 1`] = `ShallowWrapper {}`;

exports[`Menu Option Add: Modal Content Tests should change pages according to the current page state 2`] = `ShallowWrapper {}`;

exports[`Menu Option Add: Modal Content Tests should change pages according to the current page state 3`] = `ShallowWrapper {}`;

exports[`Menu Option Add: Modal Content Tests should change pages according to the current page state 4`] = `ShallowWrapper {}`;

exports[`Menu Option Add: Modal Content Tests should render all appropriate elements as is 1`] = `
<div>
  <div>
    <form
      className="inputForm"
      onSubmit={[Function]}
    >
      <label>
        ID:
        <input
          id="id"
          name="id"
          onChange={[Function]}
          placeholder="e.g 1234ABC"
          required={true}
          type="string"
          value=""
        />
      </label>
      <div />
      <label>
        Company Name:
        <input
          id="company_name"
          name="company_name"
          onChange={[Function]}
          placeholder="e.g abc"
          required={true}
          type="string"
          value=""
        />
      </label>
      <div />
      <label>
        Ticker:
        <input
          id="ticker"
          name="ticker"
          onChange={[Function]}
          placeholder="e.g abc"
          required={true}
          type="string"
          value=""
        />
      </label>
      <div />
      <label>
        Reference Number:
        <input
          id="reference_number"
          name="reference_number"
          onChange={[Function]}
          placeholder="e.g 1234ABC"
          required={true}
          type="string"
          value=""
        />
      </label>
      <div />
      <label>
        Unit Price:
        <input
          id="unit_price"
          name="unit_price"
          onChange={[Function]}
          placeholder="e.g 19.99"
          required={true}
          type="number"
          value={0}
        />
      </label>
      <div />
      <label>
        Quantity:
        <input
          id="quantity"
          name="quantity"
          onChange={[Function]}
          placeholder="e.g 100"
          required={true}
          type="number"
          value={0}
        />
      </label>
      <div />
      <label>
        Total Cost:
        <input
          id="total_cost"
          name="total_cost"
          onChange={[Function]}
          placeholder="e.g 199.99"
          required={true}
          type="number"
          value={0}
        />
      </label>
      <div />
      <label>
        Trade Type:
        <select
          id="trade_type"
          onChange={[Function]}
          value="short"
        >
          <option
            value="long"
          >
            Long
          </option>
          <option
            value="short"
          >
            Short
          </option>
        </select>
      </label>
      <div />
      <label>
        Trade Status:
        <select
          id="trade_status"
          onChange={[Function]}
          value="not-fulfilled"
        >
          <option
            value="fulfilled"
          >
            Fulfilled
          </option>
          <option
            value="not-fulfilled"
          >
            Not Fulfilled
          </option>
        </select>
      </label>
      <div />
      <label>
        Trade Action:
        <select
          id="trade_action"
          onChange={[Function]}
          value="bought"
        >
          <option
            value="bought"
          >
            Bought
          </option>
          <option
            value="sold"
          >
            Sold
          </option>
        </select>
      </label>
      <div />
      <label>
        Note:
        <input
          id="note"
          name="note"
          onChange={[Function]}
          placeholder="e.g Hello World"
          required={true}
          type="string"
          value=""
        />
      </label>
      <div />
      <input
        id="submit-button"
        type="submit"
        value="Submit"
      />
    </form>
    <div
      id="cancel-button"
      onClick={[Function]}
    >
      <div>
        Cancel
      </div>
    </div>
  </div>
</div>
`;
